Drill report for keyboard61.kicad_pcb
Created on 2026-10-06T21:04:08

Copper Layer Stackup:
    =============================================================
    L1 :  F.Cu                      front
    L2 :  B.Cu                      back


Drill file 'keyboard61-PTH.drl' contains
    plated through holes:
    =============================================================
    T1  0.400mm  0.0157"  (8 holes))
    T2  0.800mm  0.0315"  (122 holes))
    T3  1.000mm  0.0394"  (40 holes))
    T4  1.100mm  0.0433"  (4 holes))
    T5  1.500mm  0.0591"  (122 holes))

    Total plated holes count 296


Drill file 'keyboard61-NPTH.drl' contains
    unplated through holes:
    =============================================================
    T1  1.700mm  0.0669"  (122 holes))
    T2  3.050mm  0.1201"  (10 holes))
    T3  3.200mm  0.1260"  (4 holes))
    T4  4.000mm  0.1575"  (71 holes))

    Total unplated holes count 207
